// Jest Snapshot v1, https://goo.gl/fbAQLP

exports[`Async obtainer for component in module 1`] = `"foo"`;

exports[`Async obtainer for component plain 1`] = `"foo"`;

exports[`children obtained 1`] = `
[
  "foo",
  ";",
  "bar",
]
`;

exports[`children plain 1`] = `
[
  "foo",
  ";",
  "bar",
]
`;

exports[`children promise 1`] = `
<div
  className="await await-loading"
>
  Loading 
  Children
  ...
</div>
`;

exports[`children promise 2`] = `
[
  "foo",
  ";",
  "bar",
]
`;

exports[`children with custom loader 1`] = `"waiting for data..."`;

exports[`children with custom loader 2`] = `
[
  "foo",
  ";",
  "bar",
]
`;

exports[`obtainer asynchronous 1`] = `"foo"`;

exports[`obtainer synchronous without dependencies 1`] = `"foo"`;

exports[`only given properties 1`] = `"foo"`;

exports[`promise rejects 1`] = `
<div
  className="await await-failed"
>
  Failed to load 
  ShowString
  . Errors:
  <dl>
    <div>
      <dt>
        s
      </dt>
      <dd>
        bar
      </dd>
    </div>
  </dl>
</div>
`;

exports[`promise resolves 1`] = `"bar"`;

exports[`reload externally 1`] = `"2"`;

exports[`reload internally 1`] = `"2"`;
